// Jest Snapshot v1, https://goo.gl/fbAQLP

exports[`Favorites Page renders screenshot 1`] = `
<DocumentFragment>
  <div>
    <header
      class="MuiPaper-root MuiAppBar-root MuiAppBar-positionStatic MuiAppBar-colorInherit MuiPaper-elevation4"
    >
      <div
        class="MuiToolbar-root MuiToolbar-regular MuiToolbar-gutters"
      >
        <button
          aria-label="menu"
          class="MuiButtonBase-root MuiIconButton-root makeStyles-menuButton-2 MuiIconButton-colorInherit MuiIconButton-edgeStart"
          tabindex="0"
          type="button"
        >
          <span
            class="MuiIconButton-label"
          >
            <img
              alt="website logo"
              src="planet2.svg"
              style="height: 100px; width: 100px;"
            />
          </span>
          <span
            class="MuiTouchRipple-root"
          />
        </button>
        <h6
          class="MuiTypography-root makeStyles-title-3 MuiTypography-h6"
        >
          Planets
        </h6>
        <a
          color="inherit"
          href="/"
        >
          HomePage
        </a>
      </div>
    </header>
    <h2>
      NO DATA TO SHOW
    </h2>
  </div>
</DocumentFragment>
`;
