// Jest Snapshot v1, https://goo.gl/fbAQLP

exports[`Favorites Page renders screenshot 1`] = `
<DocumentFragment>
  <div
    data-testid="favorties-section"
  >
    <header
      class="MuiPaper-root MuiAppBar-root MuiAppBar-positionStatic MuiAppBar-colorInherit MuiPaper-elevation4"
      data-testid="header-section"
    >
      <div
        class="MuiToolbar-root MuiToolbar-regular MuiToolbar-gutters"
      >
        <button
          aria-label="menu"
          class="MuiButtonBase-root MuiIconButton-root makeStyles-menuButton-2 MuiIconButton-colorInherit MuiIconButton-edgeStart"
          tabindex="0"
          type="button"
        >
          <span
            class="MuiIconButton-label"
          >
            <img
              alt="website logo"
              src="planet2.svg"
              style="height: 100px; width: 100px;"
            />
          </span>
          <span
            class="MuiTouchRipple-root"
          />
        </button>
        <h6
          class="MuiTypography-root makeStyles-title-3 MuiTypography-h6"
        >
          Planets
        </h6>
        <a
          color="inherit"
          href="/"
        >
          HomePage
        </a>
      </div>
    </header>
    <div
      class="MuiBox-root MuiBox-root-5"
    >
      <svg>
        planet.svg
      </svg>
      <div
        class="makeStyles-flexContainer2-6"
      >
        <h3>
          abc
        </h3>
        <div
          class="MuiBox-root MuiBox-root-8 makeStyles-item-7"
        >
          <h6
            class="MuiTypography-root MuiTypography-subtitle2"
          >
            def climate
          </h6>
        </div>
        <br />
        <a
          href="/details?search=abc"
        >
          View details
        </a>
      </div>
      <button
        class="MuiButtonBase-root MuiButton-root MuiButton-contained makeStyles-alignContent-1 MuiButton-containedSizeSmall MuiButton-sizeSmall"
        tabindex="0"
        type="button"
      >
        <span
          class="MuiButton-label"
        >
          Remove
        </span>
        <span
          class="MuiTouchRipple-root"
        />
      </button>
    </div>
  </div>
</DocumentFragment>
`;
